
> backend@1.0.0 test
> jest

node.exe : FAIL src/services/__tests__/gameRules.test.js
At line:1 char:1
+ & "C:\Program Files\nodejs/node.exe" "C:\Program Files\nodejs/node_mo ...
+ ~~~~~~~~~~~~~~~~~~~~~~~~~~~~~~~~~~~~~~~~~~~~~~~~~~~~~~~~~~~~~~~~~~~~~
    + CategoryInfo          : NotSpecified: (FAIL src/servic...meRules.test.js:String) [], RemoteE 
   xception
    + FullyQualifiedErrorId : NativeCommandError
 
  ΓùÅ Test suite failed to run

    Cannot find module '../timelineService' from 'src/services/__tests__/gameRules.test.js'

    [0m [90m 10 |[39m
     [90m 11 |[39m [90m// Mock dependencies[39m
    [31m[1m>[22m[39m[90m 12 |[39m 
jest[33m.[39mmock([32m'../timelineService'[39m)[33m;[39m
     [90m    |[39m      [31m[1m^[22m[39m
     [90m 13 |[39m jest[33m.[39mmock([32m'../../models/GameRoster'[39m)[33m;[39m
     [90m 14 |[39m
     [90m 15 |[39m [36mconst[39m { getMatchTimeline } [33m=[39m 
require([32m'../games/utils/gameEventsAggregator'[39m)[33m;[39m[0m

      at Resolver._throwModNotFoundError (node_modules/jest-resolve/build/index.js:863:11)
      at Object.mock (src/services/__tests__/gameRules.test.js:12:6)

(node:14480) [MONGOOSE] Warning: Duplicate schema index on {"gameID":1} found. This is often due 
to declaring an index using both "index: true" and "schema.index()". Please remove the duplicate 
index definition.
(Use `node --trace-warnings ...` to show where the warning was created)
(node:14480) [MONGOOSE] Warning: Duplicate schema index on {"gameRosterID":1} found. This is often 
due to declaring an index using both "index: true" and "schema.index()". Please remove the 
duplicate index definition.
(node:14480) [MONGOOSE] Warning: Duplicate schema index on {"playerRecordID":1} found. This is 
often due to declaring an index using both "index: true" and "schema.index()". Please remove the 
duplicate index definition.
(node:14480) [MONGOOSE] Warning: Duplicate schema index on {"teamID":1} found. This is often due 
to declaring an index using both "index: true" and "schema.index()". Please remove the duplicate 
index definition.
(node:14480) [MONGOOSE] Warning: Duplicate schema index on {"email":1} found. This is often due to 
declaring an index using both "index: true" and "schema.index()". Please remove the duplicate 
index definition.
(node:17912) [MONGOOSE] Warning: Duplicate schema index on {"gameID":1} found. This is often due 
to declaring an index using both "index: true" and "schema.index()". Please remove the duplicate 
index definition.
(Use `node --trace-warnings ...` to show where the warning was created)
(node:17912) [MONGOOSE] Warning: Duplicate schema index on {"playerRecordID":1} found. This is 
often due to declaring an index using both "index: true" and "schema.index()". Please remove the 
duplicate index definition.
(node:17912) [MONGOOSE] Warning: Duplicate schema index on {"teamID":1} found. This is often due 
to declaring an index using both "index: true" and "schema.index()". Please remove the duplicate 
index definition.
(node:17912) [MONGOOSE] Warning: Duplicate schema index on {"email":1} found. This is often due to 
declaring an index using both "index: true" and "schema.index()". Please remove the duplicate 
index definition.
(node:15792) [MONGOOSE] Warning: Duplicate schema index on {"gameID":1} found. This is often due 
to declaring an index using both "index: true" and "schema.index()". Please remove the duplicate 
index definition.
(Use `node --trace-warnings ...` to show where the warning was created)
(node:15792) [MONGOOSE] Warning: Duplicate schema index on {"teamID":1} found. This is often due 
to declaring an index using both "index: true" and "schema.index()". Please remove the duplicate 
index definition.
(node:15792) [MONGOOSE] Warning: Duplicate schema index on {"email":1} found. This is often due to 
declaring an index using both "index: true" and "schema.index()". Please remove the duplicate 
index definition.
(node:1280) [MONGOOSE] Warning: Duplicate schema index on {"email":1} found. This is often due to 
declaring an index using both "index: true" and "schema.index()". Please remove the duplicate 
index definition.
(Use `node --trace-warnings ...` to show where the warning was created)
(node:1280) [MONGOOSE] Warning: Duplicate schema index on {"gameID":1} found. This is often due to 
declaring an index using both "index: true" and "schema.index()". Please remove the duplicate 
index definition.
(node:1280) [MONGOOSE] Warning: Duplicate schema index on {"teamID":1} found. This is often due to 
declaring an index using both "index: true" and "schema.index()". Please remove the duplicate 
index definition.
(node:1280) [MONGOOSE] Warning: Duplicate schema index on {"playerRecordID":1} found. This is 
often due to declaring an index using both "index: true" and "schema.index()". Please remove the 
duplicate index definition.
(node:1280) [MONGOOSE] Warning: Duplicate schema index on {"gameRosterID":1} found. This is often 
due to declaring an index using both "index: true" and "schema.index()". Please remove the 
duplicate index definition.
(node:1280) [MONGOOSE] Warning: Duplicate schema index on {"reportID":1} found. This is often due 
to declaring an index using both "index: true" and "schema.index()". Please remove the duplicate 
index definition.
(node:1280) [MONGOOSE] Warning: Duplicate schema index on {"eventID":1} found. This is often due 
to declaring an index using both "index: true" and "schema.index()". Please remove the duplicate 
index definition.
(node:1280) [MONGOOSE] Warning: Duplicate schema index on {"reportID":1} found. This is often due 
to declaring an index using both "index: true" and "schema.index()". Please remove the duplicate 
index definition.
(node:1280) [MONGOOSE] Warning: Duplicate schema index on {"drillID":1} found. This is often due 
to declaring an index using both "index: true" and "schema.index()". Please remove the duplicate 
index definition.
(node:1280) [MONGOOSE] Warning: Duplicate schema index on {"formationID":1} found. This is often 
due to declaring an index using both "index: true" and "schema.index()". Please remove the 
duplicate index definition.
(node:1280) [MONGOOSE] Warning: Duplicate schema index on {"sessionID":1} found. This is often due 
to declaring an index using both "index: true" and "schema.index()". Please remove the duplicate 
index definition.
(node:1280) [MONGOOSE] Warning: Duplicate schema index on {"entryID":1} found. This is often due 
to declaring an index using both "index: true" and "schema.index()". Please remove the duplicate 
index definition.
(node:1280) [MONGOOSE] Warning: Duplicate schema index on {"organizationId":1} found. This is 
often due to declaring an index using both "index: true" and "schema.index()". Please remove the 
duplicate index definition.
(node:1280) [MONGODB DRIVER] Warning: useNewUrlParser is a deprecated option: useNewUrlParser has 
no effect since Node.js Driver version 4.0.0 and will be removed in the next major version
(node:1280) [MONGODB DRIVER] Warning: useUnifiedTopology is a deprecated option: 
useUnifiedTopology has no effect since Node.js Driver version 4.0.0 and will be removed in the 
next major version
(node:22836) [MONGOOSE] Warning: Duplicate schema index on {"email":1} found. This is often due to 
declaring an index using both "index: true" and "schema.index()". Please remove the duplicate 
index definition.
(Use `node --trace-warnings ...` to show where the warning was created)
(node:22836) [MONGOOSE] Warning: Duplicate schema index on {"gameID":1} found. This is often due 
to declaring an index using both "index: true" and "schema.index()". Please remove the duplicate 
index definition.
(node:22836) [MONGOOSE] Warning: Duplicate schema index on {"teamID":1} found. This is often due 
to declaring an index using both "index: true" and "schema.index()". Please remove the duplicate 
index definition.
(node:22836) [MONGOOSE] Warning: Duplicate schema index on {"playerRecordID":1} found. This is 
often due to declaring an index using both "index: true" and "schema.index()". Please remove the 
duplicate index definition.
(node:22836) [MONGOOSE] Warning: Duplicate schema index on {"gameRosterID":1} found. This is often 
due to declaring an index using both "index: true" and "schema.index()". Please remove the 
duplicate index definition.
(node:22836) [MONGOOSE] Warning: Duplicate schema index on {"reportID":1} found. This is often due 
to declaring an index using both "index: true" and "schema.index()". Please remove the duplicate 
index definition.
(node:22836) [MONGOOSE] Warning: Duplicate schema index on {"eventID":1} found. This is often due 
to declaring an index using both "index: true" and "schema.index()". Please remove the duplicate 
index definition.
(node:22836) [MONGOOSE] Warning: Duplicate schema index on {"reportID":1} found. This is often due 
to declaring an index using both "index: true" and "schema.index()". Please remove the duplicate 
index definition.
(node:22836) [MONGOOSE] Warning: Duplicate schema index on {"drillID":1} found. This is often due 
to declaring an index using both "index: true" and "schema.index()". Please remove the duplicate 
index definition.
(node:22836) [MONGOOSE] Warning: Duplicate schema index on {"formationID":1} found. This is often 
due to declaring an index using both "index: true" and "schema.index()". Please remove the 
duplicate index definition.
(node:22836) [MONGOOSE] Warning: Duplicate schema index on {"sessionID":1} found. This is often 
due to declaring an index using both "index: true" and "schema.index()". Please remove the 
duplicate index definition.
(node:22836) [MONGOOSE] Warning: Duplicate schema index on {"entryID":1} found. This is often due 
to declaring an index using both "index: true" and "schema.index()". Please remove the duplicate 
index definition.
(node:22836) [MONGOOSE] Warning: Duplicate schema index on {"organizationId":1} found. This is 
often due to declaring an index using both "index: true" and "schema.index()". Please remove the 
duplicate index definition.
(node:22836) [MONGODB DRIVER] Warning: useNewUrlParser is a deprecated option: useNewUrlParser has 
no effect since Node.js Driver version 4.0.0 and will be removed in the next major version
(node:22836) [MONGODB DRIVER] Warning: useUnifiedTopology is a deprecated option: 
useUnifiedTopology has no effect since Node.js Driver version 4.0.0 and will be removed in the 
next major version
::ffff:127.0.0.1 - - [03/Dec/2025:17:52:13 +0000] "GET /api/games/693078cbc35bd4a0b643e70d/player-match-stats HTTP/1.1" 200 547 "-" "-"
::ffff:127.0.0.1 - - [03/Dec/2025:17:52:14 +0000] "POST /api/games/693078cb84ac70e2ef75db23/cards HTTP/1.1" 201 382 "-" "-"
::ffff:127.0.0.1 - - [03/Dec/2025:17:52:14 +0000] "GET /api/games/693078cbc35bd4a0b643e70d/player-match-stats HTTP/1.1" 200 63 "-" "-"
::ffff:127.0.0.1 - - [03/Dec/2025:17:52:15 +0000] "GET /api/games/693078cbc35bd4a0b643e70d/player-match-stats/player/693078cbc35bd4a0b643e705 HTTP/1.1" 200 568 "-" "-"
::ffff:127.0.0.1 - - [03/Dec/2025:17:52:16 +0000] "GET /api/games/693078cbc35bd4a0b643e70d/player-match-stats/player/693078cfc35bd4a0b643e738 HTTP/1.1" 404 116 "-" "-"
::ffff:127.0.0.1 - - [03/Dec/2025:17:52:16 +0000] "POST /api/games/693078cb84ac70e2ef75db23/cards HTTP/1.1" 201 377 "-" "-"
PASS src/routes/__tests__/games.draft.test.js (14.278 s)
  ΓùÅ Console

    console.log
      [dotenv@17.2.2] injecting env (7) from .env -- tip: ≡ƒöÉ prevent building .env in docker: 
https://dotenvx.com/prebuild

      at _log (node_modules/dotenv/lib/main.js:139:11)

    console.log
      Γ£à Connected to test database

      at Object.log (src/routes/__tests__/games.draft.test.js:53:17)

    console.log
      Γ£à Test user created: new ObjectId('693078c7639a9607ce19aa8e')

      at Object.log (src/routes/__tests__/games.draft.test.js:76:15)

    console.log
      Γ£à Test team created: new ObjectId('693078c7639a9607ce19aa93')

      at Object.log (src/routes/__tests__/games.draft.test.js:90:15)

::ffff:127.0.0.1 - - [03/Dec/2025:17:52:17 +0000] "PUT /api/games/693078cbc35bd4a0b643e70d/player-match-stats/player/693078cbc35bd4a0b643e705 HTTP/1.1" 200 546 "-" "-"
PASS src/services/__tests__/timelineService.test.js (15.526 s)
  ΓùÅ Console

    console.log
      [dotenv@17.2.2] injecting env (7) from .env -- tip: ≡ƒôí auto-backup env with Radar: 
https://dotenvx.com/radar

      at _log (node_modules/dotenv/lib/main.js:139:11)

::ffff:127.0.0.1 - - [03/Dec/2025:17:52:19 +0000] "PUT /api/games/693078cbc35bd4a0b643e70d/player-match-stats/player/693078cbc35bd4a0b643e705 HTTP/1.1" 200 546 "-" "-"
::ffff:127.0.0.1 - - [03/Dec/2025:17:52:20 +0000] "POST /api/games/693078cb84ac70e2ef75db23/cards HTTP/1.1" 201 370 "-" "-"
::ffff:127.0.0.1 - - [03/Dec/2025:17:52:20 +0000] "PUT /api/games/693078cbc35bd4a0b643e70d/player-match-stats/player/693078cbc35bd4a0b643e705 HTTP/1.1" 200 546 "-" "-"
::ffff:127.0.0.1 - - [03/Dec/2025:17:52:21 +0000] "POST /api/games/693078cb84ac70e2ef75db23/cards HTTP/1.1" 404 30 "-" "-"
::ffff:127.0.0.1 - - [03/Dec/2025:17:52:21 +0000] "PUT /api/games/693078cbc35bd4a0b643e70d/player-match-stats/player/693078d4c35bd4a0b643e764 HTTP/1.1" 404 30 "-" "-"
::ffff:127.0.0.1 - - [03/Dec/2025:17:52:22 +0000] "POST /api/games/693078cb84ac70e2ef75db23/cards HTTP/1.1" 400 76 "-" "-"
::ffff:127.0.0.1 - - [03/Dec/2025:17:52:23 +0000] "PUT /api/games/693078cbc35bd4a0b643e70d/player-match-stats/player/693078cbc35bd4a0b643e705 HTTP/1.1" 200 546 "-" "-"
::ffff:127.0.0.1 - - [03/Dec/2025:17:52:23 +0000] "GET /api/games/693078cb84ac70e2ef75db23/cards HTTP/1.1" 200 669 "-" "-"
::ffff:127.0.0.1 - - [03/Dec/2025:17:52:24 +0000] "PUT /api/games/693078cbc35bd4a0b643e70d/player-match-stats/player/693078cbc35bd4a0b643e705 HTTP/1.1" 200 546 "-" "-"
::ffff:127.0.0.1 - - [03/Dec/2025:17:52:24 +0000] "GET /api/games/693078cb84ac70e2ef75db23/cards HTTP/1.1" 200 63 "-" "-"
::ffff:127.0.0.1 - - [03/Dec/2025:17:52:25 +0000] "PUT /api/games/693078cbc35bd4a0b643e70d/player-match-stats/player/693078cbc35bd4a0b643e705 HTTP/1.1" 200 546 "-" "-"
::ffff:127.0.0.1 - - [03/Dec/2025:17:52:25 +0000] "GET /api/games/693078cb84ac70e2ef75db23/cards/player/693078cb84ac70e2ef75db1f HTTP/1.1" 200 710 "-" "-"
::ffff:127.0.0.1 - - [03/Dec/2025:17:52:26 +0000] "PUT /api/games/693078cbc35bd4a0b643e70d/player-match-stats/player/693078cbc35bd4a0b643e705 HTTP/1.1" 200 546 "-" "-"
::ffff:127.0.0.1 - - [03/Dec/2025:17:52:27 +0000] "PUT /api/games/693078cb84ac70e2ef75db23/cards/693078d984ac70e2ef75dbc2 HTTP/1.1" 200 373 "-" "-"
::ffff:127.0.0.1 - - [03/Dec/2025:17:52:27 +0000] "PUT /api/games/693078cbc35bd4a0b643e70d/player-match-stats/player/693078cbc35bd4a0b643e705 HTTP/1.1" 500 270 "-" "-"
PASS src/routes/__tests__/playerMatchStats.test.js (25.51 s)
  ΓùÅ Console

    console.log
      [dotenv@17.2.2] injecting env (7) from .env -- tip: ≡ƒôí auto-backup env with Radar: 
https://dotenvx.com/radar

      at _log (node_modules/dotenv/lib/main.js:139:11)

    console.log
      [dotenv@17.2.2] injecting env (0) from .env -- tip: ≡ƒôí version env with Radar: 
https://dotenvx.com/radar

      at _log (node_modules/dotenv/lib/main.js:139:11)

    console.log
      MongoDB Connected: ac-bm1run4-shard-00-01.iwd2jyh.mongodb.net

      at log (src/config/database.js:10:13)

    console.log
      ≡ƒöÉ JWT Secret being used: Set from env

      at log (src/middleware/jwtAuth.js:22:13)

    console.log
      ≡ƒöì Attempting to verify token...

      at log (src/middleware/jwtAuth.js:23:13)

    console.log
      ≡ƒöÉ JWT Secret being used: Set from env

      at log (src/middleware/jwtAuth.js:22:13)

    console.log
      ≡ƒöì Attempting to verify token...

      at log (src/middleware/jwtAuth.js:23:13)

    console.log
      ≡ƒöÉ JWT Secret being used: Set from env

      at log (src/middleware/jwtAuth.js:22:13)

    console.log
      ≡ƒöì Attempting to verify token...

      at log (src/middleware/jwtAuth.js:23:13)

    console.log
      ≡ƒöÉ JWT Secret being used: Set from env

      at log (src/middleware/jwtAuth.js:22:13)

    console.log
      ≡ƒöì Attempting to verify token...

      at log (src/middleware/jwtAuth.js:23:13)

    console.log
      ≡ƒöÉ JWT Secret being used: Set from env

      at log (src/middleware/jwtAuth.js:22:13)

    console.log
      ≡ƒöì Attempting to verify token...

      at log (src/middleware/jwtAuth.js:23:13)

    console.log
      ≡ƒöÉ JWT Secret being used: Set from env

      at log (src/middleware/jwtAuth.js:22:13)

    console.log
      ≡ƒöì Attempting to verify token...

      at log (src/middleware/jwtAuth.js:23:13)

    console.log
      ≡ƒöÉ JWT Secret being used: Set from env

      at log (src/middleware/jwtAuth.js:22:13)

    console.log
      ≡ƒöì Attempting to verify token...

      at log (src/middleware/jwtAuth.js:23:13)

    console.log
      ≡ƒöÉ JWT Secret being used: Set from env

      at log (src/middleware/jwtAuth.js:22:13)

    console.log
      ≡ƒöì Attempting to verify token...

      at log (src/middleware/jwtAuth.js:23:13)

    console.log
      ≡ƒöÉ JWT Secret being used: Set from env

      at log (src/middleware/jwtAuth.js:22:13)

    console.log
      ≡ƒöì Attempting to verify token...

      at log (src/middleware/jwtAuth.js:23:13)

    console.log
      ≡ƒöÉ JWT Secret being used: Set from env

      at log (src/middleware/jwtAuth.js:22:13)

    console.log
      ≡ƒöì Attempting to verify token...

      at log (src/middleware/jwtAuth.js:23:13)

    console.log
      ≡ƒöÉ JWT Secret being used: Set from env

      at log (src/middleware/jwtAuth.js:22:13)

    console.log
      ≡ƒöì Attempting to verify token...

      at log (src/middleware/jwtAuth.js:23:13)

    console.log
      ≡ƒöÉ JWT Secret being used: Set from env

      at log (src/middleware/jwtAuth.js:22:13)

    console.log
      ≡ƒöì Attempting to verify token...

      at log (src/middleware/jwtAuth.js:23:13)

    console.log
      ≡ƒöÉ JWT Secret being used: Set from env

      at log (src/middleware/jwtAuth.js:22:13)

    console.log
      ≡ƒöì Attempting to verify token...

      at log (src/middleware/jwtAuth.js:23:13)

    console.log
      ≡ƒöÉ JWT Secret being used: Set from env

      at log (src/middleware/jwtAuth.js:22:13)

    console.log
      ≡ƒöì Attempting to verify token...

      at log (src/middleware/jwtAuth.js:23:13)

    console.log
      ≡ƒöÉ JWT Secret being used: Set from env

      at log (src/middleware/jwtAuth.js:22:13)

    console.log
      ≡ƒöì Attempting to verify token...

      at log (src/middleware/jwtAuth.js:23:13)

    console.log
      ≡ƒöÉ JWT Secret being used: Set from env

      at log (src/middleware/jwtAuth.js:22:13)

    console.log
      ≡ƒöì Attempting to verify token...

      at log (src/middleware/jwtAuth.js:23:13)

    console.error
      Error fetching player match stats: Error: Player match stats not found
          at Object.exports.getPlayerMatchStatsByPlayer 
(C:\Users\talso\OneDrive\Desktop\tal\squad-up-with 
backend\backend\src\services\games\playerMatchStatsService.js:28:11)
          at processTicksAndRejections (node:internal/process/task_queues:105:5)
          at exports.getPlayerMatchStatsByPlayer 
(C:\Users\talso\OneDrive\Desktop\tal\squad-up-with 
backend\backend\src\controllers\games\playerMatchStatsController.js:33:19)

    [0m [90m 39 |[39m     })[33m;[39m
     [90m 40 |[39m   } [36mcatch[39m (error) {
    [31m[1m>[22m[39m[90m 41 |[39m     console[33m.[39merror([32m'Error fetching player 
match stats:'[39m[33m,[39m error)[33m;[39m
     [90m    |[39m             [31m[1m^[22m[39m
     [90m 42 |[39m     
     [90m 43 |[39m     [36mif[39m (error[33m.[39mmessage [33m===[39m [32m'Player match 
stats not found'[39m) {
     [90m 44 |[39m       [36mreturn[39m res[33m.[39mstatus([35m404[39m)[33m.[39mjson({ 
[0m

      at error (src/controllers/games/playerMatchStatsController.js:41:13)

    console.log
      ≡ƒöÉ JWT Secret being used: Set from env

      at log (src/middleware/jwtAuth.js:22:13)

    console.log
      ≡ƒöì Attempting to verify token...

      at log (src/middleware/jwtAuth.js:23:13)

    console.log
      ≡ƒöÉ JWT Secret being used: Set from env

      at log (src/middleware/jwtAuth.js:22:13)

    console.log
      ≡ƒöì Attempting to verify token...

      at log (src/middleware/jwtAuth.js:23:13)

    console.log
      ≡ƒöÉ JWT Secret being used: Set from env

      at log (src/middleware/jwtAuth.js:22:13)

    console.log
      ≡ƒöì Attempting to verify token...

      at log (src/middleware/jwtAuth.js:23:13)

    console.log
      ≡ƒöÉ JWT Secret being used: Set from env

      at log (src/middleware/jwtAuth.js:22:13)

    console.log
      ≡ƒöì Attempting to verify token...

      at log (src/middleware/jwtAuth.js:23:13)

    console.log
      ≡ƒöÉ JWT Secret being used: Set from env

      at log (src/middleware/jwtAuth.js:22:13)

    console.log
      ≡ƒöì Attempting to verify token...

      at log (src/middleware/jwtAuth.js:23:13)

    console.log
      ≡ƒöÉ JWT Secret being used: Set from env

      at log (src/middleware/jwtAuth.js:22:13)

    console.log
      ≡ƒöì Attempting to verify token...

      at log (src/middleware/jwtAuth.js:23:13)

    console.log
      ≡ƒöÉ JWT Secret being used: Set from env

      at log (src/middleware/jwtAuth.js:22:13)

    console.log
      ≡ƒöì Attempting to verify token...

      at log (src/middleware/jwtAuth.js:23:13)

    console.log
      ≡ƒöÉ JWT Secret being used: Set from env

      at log (src/middleware/jwtAuth.js:22:13)

    console.log
      ≡ƒöì Attempting to verify token...

      at log (src/middleware/jwtAuth.js:23:13)

    console.log
      ≡ƒöÉ JWT Secret being used: Set from env

      at log (src/middleware/jwtAuth.js:22:13)

    console.log
      ≡ƒöì Attempting to verify token...

      at log (src/middleware/jwtAuth.js:23:13)

    console.log
      ≡ƒöÉ JWT Secret being used: Set from env

      at log (src/middleware/jwtAuth.js:22:13)

    console.log
      ≡ƒöì Attempting to verify token...

      at log (src/middleware/jwtAuth.js:23:13)

    console.log
      ≡ƒöÉ JWT Secret being used: Set from env

      at log (src/middleware/jwtAuth.js:22:13)

    console.log
      ≡ƒöì Attempting to verify token...

      at log (src/middleware/jwtAuth.js:23:13)

    console.log
      ≡ƒöÉ JWT Secret being used: Set from env

      at log (src/middleware/jwtAuth.js:22:13)

    console.log
      ≡ƒöì Attempting to verify token...

      at log (src/middleware/jwtAuth.js:23:13)

    console.log
      ≡ƒöÉ JWT Secret being used: Set from env

      at log (src/middleware/jwtAuth.js:22:13)

    console.log
      ≡ƒöì Attempting to verify token...

      at log (src/middleware/jwtAuth.js:23:13)

    console.log
      ≡ƒöÉ JWT Secret being used: Set from env

      at log (src/middleware/jwtAuth.js:22:13)

    console.log
      ≡ƒöì Attempting to verify token...

      at log (src/middleware/jwtAuth.js:23:13)

    console.log
      ≡ƒöÉ JWT Secret being used: Set from env

      at log (src/middleware/jwtAuth.js:22:13)

    console.log
      ≡ƒöì Attempting to verify token...

      at log (src/middleware/jwtAuth.js:23:13)

    console.log
      ≡ƒöÉ JWT Secret being used: Set from env

      at log (src/middleware/jwtAuth.js:22:13)

    console.log
      ≡ƒöì Attempting to verify token...

      at log (src/middleware/jwtAuth.js:23:13)

    console.error
      Error updating player match stats: Error: Player not found
          at Object.exports.updatePlayerMatchStats 
(C:\Users\talso\OneDrive\Desktop\tal\squad-up-with 
backend\backend\src\services\games\playerMatchStatsService.js:45:11)
          at processTicksAndRejections (node:internal/process/task_queues:105:5)
          at exports.updatePlayerMatchStats (C:\Users\talso\OneDrive\Desktop\tal\squad-up-with 
backend\backend\src\controllers\games\playerMatchStatsController.js:65:19)

    [0m [90m 70 |[39m     })[33m;[39m
     [90m 71 |[39m   } [36mcatch[39m (error) {
    [31m[1m>[22m[39m[90m 72 |[39m     console[33m.[39merror([32m'Error updating player 
match stats:'[39m[33m,[39m error)[33m;[39m
     [90m    |[39m             [31m[1m^[22m[39m
     [90m 73 |[39m     
     [90m 74 |[39m     [36mif[39m (error[33m.[39mmessage [33m===[39m [32m'Player not 
found'[39m) {
     [90m 75 |[39m       [36mreturn[39m res[33m.[39mstatus([35m404[39m)[33m.[39mjson({ 
message[33m:[39m [32m'Player not found'[39m })[33m;[39m[0m

      at error (src/controllers/games/playerMatchStatsController.js:72:13)

    console.log
      ≡ƒöÉ JWT Secret being used: Set from env

      at log (src/middleware/jwtAuth.js:22:13)

    console.log
      ≡ƒöì Attempting to verify token...

      at log (src/middleware/jwtAuth.js:23:13)

    console.log
      ≡ƒöÉ JWT Secret being used: Set from env

      at log (src/middleware/jwtAuth.js:22:13)

    console.log
      ≡ƒöì Attempting to verify token...

      at log (src/middleware/jwtAuth.js:23:13)

    console.log
      ≡ƒöÉ JWT Secret being used: Set from env

      at log (src/middleware/jwtAuth.js:22:13)

    console.log
      ≡ƒöì Attempting to verify token...

      at log (src/middleware/jwtAuth.js:23:13)

    console.log
      ≡ƒöÉ JWT Secret being used: Set from env

      at log (src/middleware/jwtAuth.js:22:13)

    console.log
      ≡ƒöì Attempting to verify token...

      at log (src/middleware/jwtAuth.js:23:13)

    console.log
      ≡ƒöÉ JWT Secret being used: Set from env

      at log (src/middleware/jwtAuth.js:22:13)

    console.log
      ≡ƒöì Attempting to verify token...

      at log (src/middleware/jwtAuth.js:23:13)

    console.log
      ≡ƒöÉ JWT Secret being used: Set from env

      at log (src/middleware/jwtAuth.js:22:13)

    console.log
      ≡ƒöì Attempting to verify token...

      at log (src/middleware/jwtAuth.js:23:13)

    console.log
      ≡ƒöÉ JWT Secret being used: Set from env

      at log (src/middleware/jwtAuth.js:22:13)

    console.log
      ≡ƒöì Attempting to verify token...

      at log (src/middleware/jwtAuth.js:23:13)

    console.log
      ≡ƒöÉ JWT Secret being used: Set from env

      at log (src/middleware/jwtAuth.js:22:13)

    console.log
      ≡ƒöì Attempting to verify token...

      at log (src/middleware/jwtAuth.js:23:13)

    console.log
      ≡ƒöÉ JWT Secret being used: Set from env

      at log (src/middleware/jwtAuth.js:22:13)

    console.log
      ≡ƒöì Attempting to verify token...

      at log (src/middleware/jwtAuth.js:23:13)

    console.log
      ≡ƒöÉ JWT Secret being used: Set from env

      at log (src/middleware/jwtAuth.js:22:13)

    console.log
      ≡ƒöì Attempting to verify token...

      at log (src/middleware/jwtAuth.js:23:13)

    console.log
      ≡ƒöÉ JWT Secret being used: Set from env

      at log (src/middleware/jwtAuth.js:22:13)

    console.log
      ≡ƒöì Attempting to verify token...

      at log (src/middleware/jwtAuth.js:23:13)

    console.log
      ≡ƒöÉ JWT Secret being used: Set from env

      at log (src/middleware/jwtAuth.js:22:13)

    console.log
      ≡ƒöì Attempting to verify token...

      at log (src/middleware/jwtAuth.js:23:13)

    console.log
      ≡ƒöÉ JWT Secret being used: Set from env

      at log (src/middleware/jwtAuth.js:22:13)

    console.log
      ≡ƒöì Attempting to verify token...

      at log (src/middleware/jwtAuth.js:23:13)

    console.log
      ≡ƒöÉ JWT Secret being used: Set from env

      at log (src/middleware/jwtAuth.js:22:13)

    console.log
      ≡ƒöì Attempting to verify token...

      at log (src/middleware/jwtAuth.js:23:13)

    console.log
      ≡ƒöÉ JWT Secret being used: Set from env

      at log (src/middleware/jwtAuth.js:22:13)

    console.log
      ≡ƒöì Attempting to verify token...

      at log (src/middleware/jwtAuth.js:23:13)

    console.log
      ≡ƒöÉ JWT Secret being used: Set from env

      at log (src/middleware/jwtAuth.js:22:13)

    console.log
      ≡ƒöì Attempting to verify token...

      at log (src/middleware/jwtAuth.js:23:13)

    console.log
      ≡ƒöÉ JWT Secret being used: Set from env

      at log (src/middleware/jwtAuth.js:22:13)

    console.log
      ≡ƒöì Attempting to verify token...

      at log (src/middleware/jwtAuth.js:23:13)

    console.log
      ≡ƒöÉ JWT Secret being used: Set from env

      at log (src/middleware/jwtAuth.js:22:13)

    console.log
      ≡ƒöì Attempting to verify token...

      at log (src/middleware/jwtAuth.js:23:13)

    console.log
      ≡ƒöÉ JWT Secret being used: Set from env

      at log (src/middleware/jwtAuth.js:22:13)

    console.log
      ≡ƒöì Attempting to verify token...

      at log (src/middleware/jwtAuth.js:23:13)

    console.log
      ≡ƒöÉ JWT Secret being used: Set from env

      at log (src/middleware/jwtAuth.js:22:13)

    console.log
      ≡ƒöì Attempting to verify token...

      at log (src/middleware/jwtAuth.js:23:13)

    console.error
      Error updating player match stats: Error: Validation failed: fouls.committedRating: Path 
`fouls.committedRating` (6) is more than maximum allowed value (5)., fouls.receivedRating: Path 
`fouls.receivedRating` (-1) is less than minimum allowed value (0).
          at ValidationError.inspect (C:\Users\talso\OneDrive\Desktop\tal\squad-up-with 
backend\backend\node_modules\mongoose\lib\error\validation.js:52:26)
          at formatValue (node:internal/util/inspect:877:19)
          at inspect (node:internal/util/inspect:404:10)
          at formatWithOptionsInternal (node:internal/util/inspect:2407:40)
          at format (node:internal/util/inspect:2264:10)
          at console.error (C:\Users\talso\OneDrive\Desktop\tal\squad-up-with 
backend\backend\node_modules\@jest\console\build\index.js:124:43)
          at error (C:\Users\talso\OneDrive\Desktop\tal\squad-up-with 
backend\backend\src\controllers\games\playerMatchStatsController.js:72:13)
          at processTicksAndRejections (node:internal/process/task_queues:105:5) {
        errors: {
          'fouls.committedRating': ValidatorError: Path `fouls.committedRating` (6) is more than 
maximum allowed value (5).
              at validate (C:\Users\talso\OneDrive\Desktop\tal\squad-up-with 
backend\backend\node_modules\mongoose\lib\schemaType.js:1413:13)
              at SchemaNumber.SchemaType.doValidate 
(C:\Users\talso\OneDrive\Desktop\tal\squad-up-with 
backend\backend\node_modules\mongoose\lib\schemaType.js:1397:7)
              at C:\Users\talso\OneDrive\Desktop\tal\squad-up-with 
backend\backend\node_modules\mongoose\lib\helpers\updateValidators.js:154:22
              at module.exports (C:\Users\talso\OneDrive\Desktop\tal\squad-up-with 
backend\backend\node_modules\mongoose\lib\helpers\updateValidators.js:205:7)
              at C:\Users\talso\OneDrive\Desktop\tal\squad-up-with 
backend\backend\node_modules\mongoose\lib\query.js:4115:7
              at new Promise (<anonymous>)
              at model.Query.validate (C:\Users\talso\OneDrive\Desktop\tal\squad-up-with 
backend\backend\node_modules\mongoose\lib\query.js:4114:11)
              at processTicksAndRejections (node:internal/process/task_queues:105:5)
              at model.Query._findOneAndUpdate (C:\Users\talso\OneDrive\Desktop\tal\squad-up-with 
backend\backend\node_modules\mongoose\lib\query.js:3529:5)
              at model.Query.exec (C:\Users\talso\OneDrive\Desktop\tal\squad-up-with 
backend\backend\node_modules\mongoose\lib\query.js:4627:63)
              at Object.exports.updatePlayerMatchStats 
(C:\Users\talso\OneDrive\Desktop\tal\squad-up-with 
backend\backend\src\services\games\playerMatchStatsService.js:70:17)
              at exports.updatePlayerMatchStats (C:\Users\talso\OneDrive\Desktop\tal\squad-up-with 
backend\backend\src\controllers\games\playerMatchStatsController.js:65:19) {
            properties: [Object],
            kind: 'max',
            path: 'fouls.committedRating',
            value: 6,
            reason: undefined,
            [Symbol(mongoose#validatorError)]: true
          },
          'fouls.receivedRating': ValidatorError: Path `fouls.receivedRating` (-1) is less than 
minimum allowed value (0).
              at validate (C:\Users\talso\OneDrive\Desktop\tal\squad-up-with 
backend\backend\node_modules\mongoose\lib\schemaType.js:1413:13)
              at SchemaNumber.SchemaType.doValidate 
(C:\Users\talso\OneDrive\Desktop\tal\squad-up-with 
backend\backend\node_modules\mongoose\lib\schemaType.js:1397:7)
              at C:\Users\talso\OneDrive\Desktop\tal\squad-up-with 
backend\backend\node_modules\mongoose\lib\helpers\updateValidators.js:154:22
              at module.exports (C:\Users\talso\OneDrive\Desktop\tal\squad-up-with 
backend\backend\node_modules\mongoose\lib\helpers\updateValidators.js:205:7)
              at C:\Users\talso\OneDrive\Desktop\tal\squad-up-with 
backend\backend\node_modules\mongoose\lib\query.js:4115:7
              at new Promise (<anonymous>)
              at model.Query.validate (C:\Users\talso\OneDrive\Desktop\tal\squad-up-with 
backend\backend\node_modules\mongoose\lib\query.js:4114:11)
              at processTicksAndRejections (node:internal/process/task_queues:105:5)
              at model.Query._findOneAndUpdate (C:\Users\talso\OneDrive\Desktop\tal\squad-up-with 
backend\backend\node_modules\mongoose\lib\query.js:3529:5)
              at model.Query.exec (C:\Users\talso\OneDrive\Desktop\tal\squad-up-with 
backend\backend\node_modules\mongoose\lib\query.js:4627:63)
              at Object.exports.updatePlayerMatchStats 
(C:\Users\talso\OneDrive\Desktop\tal\squad-up-with 
backend\backend\src\services\games\playerMatchStatsService.js:70:17)
              at exports.updatePlayerMatchStats (C:\Users\talso\OneDrive\Desktop\tal\squad-up-with 
backend\backend\src\controllers\games\playerMatchStatsController.js:65:19) {
            properties: [Object],
            kind: 'min',
            path: 'fouls.receivedRating',
            value: -1,
            reason: undefined,
            [Symbol(mongoose#validatorError)]: true
          }
        },
        _message: 'Validation failed'
      }

    [0m [90m 70 |[39m     })[33m;[39m
     [90m 71 |[39m   } [36mcatch[39m (error) {
    [31m[1m>[22m[39m[90m 72 |[39m     console[33m.[39merror([32m'Error updating player 
match stats:'[39m[33m,[39m error)[33m;[39m
     [90m    |[39m             [31m[1m^[22m[39m
     [90m 73 |[39m     
     [90m 74 |[39m     [36mif[39m (error[33m.[39mmessage [33m===[39m [32m'Player not 
found'[39m) {
     [90m 75 |[39m       [36mreturn[39m res[33m.[39mstatus([35m404[39m)[33m.[39mjson({ 
message[33m:[39m [32m'Player not found'[39m })[33m;[39m[0m

      at error (src/controllers/games/playerMatchStatsController.js:72:13)

::ffff:127.0.0.1 - - [03/Dec/2025:17:52:29 +0000] "PUT /api/games/693078cb84ac70e2ef75db23/cards/693078db84ac70e2ef75dbd4 HTTP/1.1" 200 348 "-" "-"
::ffff:127.0.0.1 - - [03/Dec/2025:17:52:30 +0000] "PUT /api/games/693078cb84ac70e2ef75db23/cards/693078dd84ac70e2ef75dbea HTTP/1.1" 404 28 "-" "-"
::ffff:127.0.0.1 - - [03/Dec/2025:17:52:31 +0000] "DELETE /api/games/693078cb84ac70e2ef75db23/cards/693078de84ac70e2ef75dbf3 HTTP/1.1" 200 75 "-" "-"
::ffff:127.0.0.1 - - [03/Dec/2025:17:52:33 +0000] "DELETE /api/games/693078cb84ac70e2ef75db23/cards/693078e084ac70e2ef75dbfe HTTP/1.1" 200 75 "-" "-"
::ffff:127.0.0.1 - - [03/Dec/2025:17:52:34 +0000] "DELETE /api/games/693078cb84ac70e2ef75db23/cards/693078e184ac70e2ef75dc0b HTTP/1.1" 404 28 "-" "-"
PASS src/routes/__tests__/cards.test.js (32.17 s)
  ΓùÅ Console

    console.log
      [dotenv@17.2.2] injecting env (7) from .env -- tip: ≡ƒöÉ prevent committing .env to code: 
https://dotenvx.com/precommit

      at _log (node_modules/dotenv/lib/main.js:139:11)

    console.log
      [dotenv@17.2.2] injecting env (0) from .env -- tip: ΓÜÖ∩╕Å  write to custom object with { 
processEnv: myObject }

      at _log (node_modules/dotenv/lib/main.js:139:11)

    console.log
      MongoDB Connected: ac-bm1run4-shard-00-00.iwd2jyh.mongodb.net

      at log (src/config/database.js:10:13)

    console.log
      ≡ƒöÉ JWT Secret being used: Set from env

      at log (src/middleware/jwtAuth.js:22:13)

    console.log
      ≡ƒöì Attempting to verify token...

      at log (src/middleware/jwtAuth.js:23:13)

    console.log
      ≡ƒöÉ JWT Secret being used: Set from env

      at log (src/middleware/jwtAuth.js:22:13)

    console.log
      ≡ƒöì Attempting to verify token...

      at log (src/middleware/jwtAuth.js:23:13)

    console.log
      ≡ƒöÉ JWT Secret being used: Set from env

      at log (src/middleware/jwtAuth.js:22:13)

    console.log
      ≡ƒöì Attempting to verify token...

      at log (src/middleware/jwtAuth.js:23:13)

    console.log
      
      ≡ƒƒ¿≡ƒƒÑ ========== CREATING CARD ==========

      at Object.log [as createCard] (src/services/games/cardService.js:41:11)

    console.log
      ≡ƒôà New Card: Minute 25, Test Player Cards - YELLOW

      at Object.log [as createCard] (src/services/games/cardService.js:42:11)

    console.log
      
      ≡ƒôè ALL EXISTING EVENTS:

      at Object.log [as createCard] (src/services/games/cardService.js:43:11)

    console.log
      
      ΓÜ╜ GOALS:

      at Object.log [as createCard] (src/services/games/cardService.js:45:11)

    console.log
      
      ≡ƒöä SUBSTITUTIONS:

      at Object.log [as createCard] (src/services/games/cardService.js:52:11)

    console.log
      
      ≡ƒƒ¿≡ƒƒÑ CARDS:

      at Object.log [as createCard] (src/services/games/cardService.js:59:11)

    console.log
      
      ≡ƒæÑ ALL PLAYERS STATUS AT MINUTE 25 :

      at Object.log [as createCard] (src/services/games/cardService.js:80:11)

    console.log
        - Test Player Cards (Starting Lineup): ON_PITCH

      at Object.log [as createCard] (src/services/games/cardService.js:87:13)

    console.log
      =====================================

      at Object.log [as createCard] (src/services/games/cardService.js:89:11)

    console.log
      ≡ƒöÉ JWT Secret being used: Set from env

      at log (src/middleware/jwtAuth.js:22:13)

    console.log
      ≡ƒöì Attempting to verify token...

      at log (src/middleware/jwtAuth.js:23:13)

    console.log
      ≡ƒöÉ JWT Secret being used: Set from env

      at log (src/middleware/jwtAuth.js:22:13)

    console.log
      ≡ƒöì Attempting to verify token...

      at log (src/middleware/jwtAuth.js:23:13)

    console.log
      ≡ƒöÉ JWT Secret being used: Set from env

      at log (src/middleware/jwtAuth.js:22:13)

    console.log
      ≡ƒöì Attempting to verify token...

      at log (src/middleware/jwtAuth.js:23:13)

    console.log
      
      ≡ƒƒ¿≡ƒƒÑ ========== CREATING CARD ==========

      at Object.log [as createCard] (src/services/games/cardService.js:41:11)

    console.log
      ≡ƒôà New Card: Minute 60, Test Player Cards - RED

      at Object.log [as createCard] (src/services/games/cardService.js:42:11)

    console.log
      
      ≡ƒôè ALL EXISTING EVENTS:

      at Object.log [as createCard] (src/services/games/cardService.js:43:11)

    console.log
      
      ΓÜ╜ GOALS:

      at Object.log [as createCard] (src/services/games/cardService.js:45:11)

    console.log
      
      ≡ƒöä SUBSTITUTIONS:

      at Object.log [as createCard] (src/services/games/cardService.js:52:11)

    console.log
      
      ≡ƒƒ¿≡ƒƒÑ CARDS:

      at Object.log [as createCard] (src/services/games/cardService.js:59:11)

    console.log
      
      ≡ƒæÑ ALL PLAYERS STATUS AT MINUTE 60 :

      at Object.log [as createCard] (src/services/games/cardService.js:80:11)

    console.log
        - Test Player Cards (Starting Lineup): ON_PITCH

      at Object.log [as createCard] (src/services/games/cardService.js:87:13)

    console.log
      =====================================

      at Object.log [as createCard] (src/services/games/cardService.js:89:11)

    console.log
      ≡ƒôï Created recalc-minutes job for game 693078cb84ac70e2ef75db23 after red card

      at Object.log [as createCard] (src/services/games/cardService.js:130:15)

    console.log
      ≡ƒöÉ JWT Secret being used: Set from env

      at log (src/middleware/jwtAuth.js:22:13)

    console.log
      ≡ƒöì Attempting to verify token...

      at log (src/middleware/jwtAuth.js:23:13)

    console.log
      ≡ƒöÉ JWT Secret being used: Set from env

      at log (src/middleware/jwtAuth.js:22:13)

    console.log
      ≡ƒöì Attempting to verify token...

      at log (src/middleware/jwtAuth.js:23:13)

    console.log
      ≡ƒöÉ JWT Secret being used: Set from env

      at log (src/middleware/jwtAuth.js:22:13)

    console.log
      ≡ƒöì Attempting to verify token...

      at log (src/middleware/jwtAuth.js:23:13)

    console.log
      
      ≡ƒƒ¿≡ƒƒÑ ========== CREATING CARD ==========

      at Object.log [as createCard] (src/services/games/cardService.js:41:11)

    console.log
      ≡ƒôà New Card: Minute 75, Test Player Cards - SECOND-YELLOW

      at Object.log [as createCard] (src/services/games/cardService.js:42:11)

    console.log
      
      ≡ƒôè ALL EXISTING EVENTS:

      at Object.log [as createCard] (src/services/games/cardService.js:43:11)

    console.log
      
      ΓÜ╜ GOALS:

      at Object.log [as createCard] (src/services/games/cardService.js:45:11)

    console.log
      
      ≡ƒöä SUBSTITUTIONS:

      at Object.log [as createCard] (src/services/games/cardService.js:52:11)

    console.log
      
      ≡ƒƒ¿≡ƒƒÑ CARDS:

      at Object.log [as createCard] (src/services/games/cardService.js:59:11)

    console.log
        - Min 50: Test Player Cards - YELLOW

      at log (src/services/games/cardService.js:62:13)
          at Array.forEach (<anonymous>)

    console.log
      
      ≡ƒæÑ ALL PLAYERS STATUS AT MINUTE 75 :

      at Object.log [as createCard] (src/services/games/cardService.js:80:11)

    console.log
        - Test Player Cards (Starting Lineup): ON_PITCH

      at Object.log [as createCard] (src/services/games/cardService.js:87:13)

    console.log
      =====================================

      at Object.log [as createCard] (src/services/games/cardService.js:89:11)

    console.log
      ≡ƒôï Created recalc-minutes job for game 693078cb84ac70e2ef75db23 after red card

      at Object.log [as createCard] (src/services/games/cardService.js:130:15)

    console.log
      ≡ƒöÉ JWT Secret being used: Set from env

      at log (src/middleware/jwtAuth.js:22:13)

    console.log
      ≡ƒöì Attempting to verify token...

      at log (src/middleware/jwtAuth.js:23:13)

    console.log
      ≡ƒöÉ JWT Secret being used: Set from env

      at log (src/middleware/jwtAuth.js:22:13)

    console.log
      ≡ƒöì Attempting to verify token...

      at log (src/middleware/jwtAuth.js:23:13)

    console.log
      ≡ƒöÉ JWT Secret being used: Set from env

      at log (src/middleware/jwtAuth.js:22:13)

    console.log
      ≡ƒöì Attempting to verify token...

      at log (src/middleware/jwtAuth.js:23:13)

    console.error
      Error creating card: Error: Player not found
          at Object.exports.createCard (C:\Users\talso\OneDrive\Desktop\tal\squad-up-with 
backend\backend\src\services\games\cardService.js:22:11)
          at processTicksAndRejections (node:internal/process/task_queues:105:5)
          at exports.createCard (C:\Users\talso\OneDrive\Desktop\tal\squad-up-with 
backend\backend\src\controllers\games\cardController.js:10:18)

    [0m [90m 15 |[39m     })[33m;[39m
     [90m 16 |[39m   } [36mcatch[39m (error) {
    [31m[1m>[22m[39m[90m 17 |[39m     console[33m.[39merror([32m'Error creating 
card:'[39m[33m,[39m error)[33m;[39m
     [90m    |[39m             [31m[1m^[22m[39m
     [90m 18 |[39m     
     [90m 19 |[39m     [90m// Handle specific errors[39m
     [90m 20 |[39m     [36mif[39m (error[33m.[39mmessage [33m===[39m [32m'Player not 
found'[39m) {[0m

      at error (src/controllers/games/cardController.js:17:13)

    console.log
      ≡ƒöÉ JWT Secret being used: Set from env

      at log (src/middleware/jwtAuth.js:22:13)

    console.log
      ≡ƒöì Attempting to verify token...

      at log (src/middleware/jwtAuth.js:23:13)

    console.log
      ≡ƒöÉ JWT Secret being used: Set from env

      at log (src/middleware/jwtAuth.js:22:13)

    console.log
      ≡ƒöì Attempting to verify token...

      at log (src/middleware/jwtAuth.js:23:13)

    console.log
      ≡ƒöÉ JWT Secret being used: Set from env

      at log (src/middleware/jwtAuth.js:22:13)

    console.log
      ≡ƒöì Attempting to verify token...

      at log (src/middleware/jwtAuth.js:23:13)

    console.error
      Error creating card: Error: Invalid card assignment: Invalid card type: undefined
          at Object.exports.createCard (C:\Users\talso\OneDrive\Desktop\tal\squad-up-with 
backend\backend\src\services\games\cardService.js:31:11)
          at processTicksAndRejections (node:internal/process/task_queues:105:5)
          at exports.createCard (C:\Users\talso\OneDrive\Desktop\tal\squad-up-with 
backend\backend\src\controllers\games\cardController.js:10:18)

    [0m [90m 15 |[39m     })[33m;[39m
     [90m 16 |[39m   } [36mcatch[39m (error) {
    [31m[1m>[22m[39m[90m 17 |[39m     console[33m.[39merror([32m'Error creating 
card:'[39m[33m,[39m error)[33m;[39m
     [90m    |[39m             [31m[1m^[22m[39m
     [90m 18 |[39m     
     [90m 19 |[39m     [90m// Handle specific errors[39m
     [90m 20 |[39m     [36mif[39m (error[33m.[39mmessage [33m===[39m [32m'Player not 
found'[39m) {[0m

      at error (src/controllers/games/cardController.js:17:13)

    console.log
      ≡ƒöÉ JWT Secret being used: Set from env

      at log (src/middleware/jwtAuth.js:22:13)

    console.log
      ≡ƒöì Attempting to verify token...

      at log (src/middleware/jwtAuth.js:23:13)

    console.log
      ≡ƒöÉ JWT Secret being used: Set from env

      at log (src/middleware/jwtAuth.js:22:13)

    console.log
      ≡ƒöì Attempting to verify token...

      at log (src/middleware/jwtAuth.js:23:13)

    console.log
      ≡ƒöÉ JWT Secret being used: Set from env

      at log (src/middleware/jwtAuth.js:22:13)

    console.log
      ≡ƒöì Attempting to verify token...

      at log (src/middleware/jwtAuth.js:23:13)

    console.log
      ≡ƒöÉ JWT Secret being used: Set from env

      at log (src/middleware/jwtAuth.js:22:13)

    console.log
      ≡ƒöì Attempting to verify token...

      at log (src/middleware/jwtAuth.js:23:13)

    console.log
      ≡ƒöÉ JWT Secret being used: Set from env

      at log (src/middleware/jwtAuth.js:22:13)

    console.log
      ≡ƒöì Attempting to verify token...

      at log (src/middleware/jwtAuth.js:23:13)

    console.log
      ≡ƒöÉ JWT Secret being used: Set from env

      at log (src/middleware/jwtAuth.js:22:13)

    console.log
      ≡ƒöì Attempting to verify token...

      at log (src/middleware/jwtAuth.js:23:13)

    console.log
      ≡ƒöÉ JWT Secret being used: Set from env

      at log (src/middleware/jwtAuth.js:22:13)

    console.log
      ≡ƒöì Attempting to verify token...

      at log (src/middleware/jwtAuth.js:23:13)

    console.log
      ≡ƒöÉ JWT Secret being used: Set from env

      at log (src/middleware/jwtAuth.js:22:13)

    console.log
      ≡ƒöì Attempting to verify token...

      at log (src/middleware/jwtAuth.js:23:13)

    console.log
      ≡ƒöÉ JWT Secret being used: Set from env

      at log (src/middleware/jwtAuth.js:22:13)

    console.log
      ≡ƒöì Attempting to verify token...

      at log (src/middleware/jwtAuth.js:23:13)

    console.log
      ≡ƒöÉ JWT Secret being used: Set from env

      at log (src/middleware/jwtAuth.js:22:13)

    console.log
      ≡ƒöì Attempting to verify token...

      at log (src/middleware/jwtAuth.js:23:13)

    console.log
      ≡ƒöÉ JWT Secret being used: Set from env

      at log (src/middleware/jwtAuth.js:22:13)

    console.log
      ≡ƒöì Attempting to verify token...

      at log (src/middleware/jwtAuth.js:23:13)

    console.log
      ≡ƒöÉ JWT Secret being used: Set from env

      at log (src/middleware/jwtAuth.js:22:13)

    console.log
      ≡ƒöì Attempting to verify token...

      at log (src/middleware/jwtAuth.js:23:13)

    console.log
      ≡ƒöÉ JWT Secret being used: Set from env

      at log (src/middleware/jwtAuth.js:22:13)

    console.log
      ≡ƒöì Attempting to verify token...

      at log (src/middleware/jwtAuth.js:23:13)

    console.log
      ≡ƒöÉ JWT Secret being used: Set from env

      at log (src/middleware/jwtAuth.js:22:13)

    console.log
      ≡ƒöì Attempting to verify token...

      at log (src/middleware/jwtAuth.js:23:13)

    console.log
      ≡ƒöÉ JWT Secret being used: Set from env

      at log (src/middleware/jwtAuth.js:22:13)

    console.log
      ≡ƒöì Attempting to verify token...

      at log (src/middleware/jwtAuth.js:23:13)

    console.log
      ≡ƒôï Created recalc-minutes job for game 693078cb84ac70e2ef75db23 after card type change

      at Object.log [as updateCard] (src/services/games/cardService.js:232:15)

    console.log
      ≡ƒöÉ JWT Secret being used: Set from env

      at log (src/middleware/jwtAuth.js:22:13)

    console.log
      ≡ƒöì Attempting to verify token...

      at log (src/middleware/jwtAuth.js:23:13)

    console.log
      ≡ƒöÉ JWT Secret being used: Set from env

      at log (src/middleware/jwtAuth.js:22:13)

    console.log
      ≡ƒöì Attempting to verify token...

      at log (src/middleware/jwtAuth.js:23:13)

    console.log
      ≡ƒöÉ JWT Secret being used: Set from env

      at log (src/middleware/jwtAuth.js:22:13)

    console.log
      ≡ƒöì Attempting to verify token...

      at log (src/middleware/jwtAuth.js:23:13)

    console.error
      Error updating card: Error: Card not found
          at Object.exports.updateCard (C:\Users\talso\OneDrive\Desktop\tal\squad-up-with 
backend\backend\src\services\games\cardService.js:181:11)
          at processTicksAndRejections (node:internal/process/task_queues:105:5)
          at exports.updateCard (C:\Users\talso\OneDrive\Desktop\tal\squad-up-with 
backend\backend\src\controllers\games\cardController.js:92:18)

    [0m [90m  97 |[39m     })[33m;[39m
     [90m  98 |[39m   } [36mcatch[39m (error) {
    [31m[1m>[22m[39m[90m  99 |[39m     console[33m.[39merror([32m'Error updating 
card:'[39m[33m,[39m error)[33m;[39m
     [90m     |[39m             [31m[1m^[22m[39m
     [90m 100 |[39m     
     [90m 101 |[39m     [90m// Handle specific errors[39m
     [90m 102 |[39m     [36mif[39m (error[33m.[39mmessage [33m===[39m [32m'Card not 
found'[39m) {[0m

      at error (src/controllers/games/cardController.js:99:13)

    console.log
      ≡ƒöÉ JWT Secret being used: Set from env

      at log (src/middleware/jwtAuth.js:22:13)

    console.log
      ≡ƒöì Attempting to verify token...

      at log (src/middleware/jwtAuth.js:23:13)

    console.log
      ≡ƒöÉ JWT Secret being used: Set from env

      at log (src/middleware/jwtAuth.js:22:13)

    console.log
      ≡ƒöì Attempting to verify token...

      at log (src/middleware/jwtAuth.js:23:13)

    console.log
      ≡ƒöÉ JWT Secret being used: Set from env

      at log (src/middleware/jwtAuth.js:22:13)

    console.log
      ≡ƒöì Attempting to verify token...

      at log (src/middleware/jwtAuth.js:23:13)

    console.log
      ≡ƒöÉ JWT Secret being used: Set from env

      at log (src/middleware/jwtAuth.js:22:13)

    console.log
      ≡ƒöì Attempting to verify token...

      at log (src/middleware/jwtAuth.js:23:13)

    console.log
      ≡ƒöÉ JWT Secret being used: Set from env

      at log (src/middleware/jwtAuth.js:22:13)

    console.log
      ≡ƒöì Attempting to verify token...

      at log (src/middleware/jwtAuth.js:23:13)

    console.log
      ≡ƒöÉ JWT Secret being used: Set from env

      at log (src/middleware/jwtAuth.js:22:13)

    console.log
      ≡ƒöì Attempting to verify token...

      at log (src/middleware/jwtAuth.js:23:13)

    console.log
      ≡ƒôï Created recalc-minutes job for game 693078cb84ac70e2ef75db23 after red card deletion

      at Object.log [as deleteCard] (src/services/games/cardService.js:264:15)

    console.log
      ≡ƒöÉ JWT Secret being used: Set from env

      at log (src/middleware/jwtAuth.js:22:13)

    console.log
      ≡ƒöì Attempting to verify token...

      at log (src/middleware/jwtAuth.js:23:13)

    console.log
      ≡ƒöÉ JWT Secret being used: Set from env

      at log (src/middleware/jwtAuth.js:22:13)

    console.log
      ≡ƒöì Attempting to verify token...

      at log (src/middleware/jwtAuth.js:23:13)

    console.log
      ≡ƒöÉ JWT Secret being used: Set from env

      at log (src/middleware/jwtAuth.js:22:13)

    console.log
      ≡ƒöì Attempting to verify token...

      at log (src/middleware/jwtAuth.js:23:13)

    console.error
      Error deleting card: Error: Card not found
          at Object.exports.deleteCard (C:\Users\talso\OneDrive\Desktop\tal\squad-up-with 
backend\backend\src\services\games\cardService.js:252:11)
          at processTicksAndRejections (node:internal/process/task_queues:105:5)
          at exports.deleteCard (C:\Users\talso\OneDrive\Desktop\tal\squad-up-with 
backend\backend\src\controllers\games\cardController.js:127:5)

    [0m [90m 132 |[39m     })[33m;[39m
     [90m 133 |[39m   } [36mcatch[39m (error) {
    [31m[1m>[22m[39m[90m 134 |[39m     console[33m.[39merror([32m'Error deleting 
card:'[39m[33m,[39m error)[33m;[39m
     [90m     |[39m             [31m[1m^[22m[39m
     [90m 135 |[39m     
     [90m 136 |[39m     [36mif[39m (error[33m.[39mmessage [33m===[39m [32m'Card not 
found'[39m) {
     [90m 137 |[39m       [36mreturn[39m res[33m.[39mstatus([35m404[39m)[33m.[39mjson({ 
message[33m:[39m [32m'Card not found'[39m })[33m;[39m[0m

      at error (src/controllers/games/cardController.js:134:13)

PASS src/services/__tests__/minutesCalculation.test.js (59.879 s)
  ΓùÅ Console

    console.log
      [dotenv@17.2.2] injecting env (7) from .env -- tip: ΓÜÖ∩╕Å  specify custom .env file path 
with { path: '/custom/path/.env' }

      at _log (node_modules/dotenv/lib/main.js:139:11)

    console.log
      Calculating minutes for game 693078cc176f44856a928d8a: 11 starters, 0 substitutions, 0 red 
cards

      at log (src/services/games/utils/minutesCalculation.js:51:13)

    console.log
      Γ£à Calculated minutes for 11 players

      at log (src/services/games/utils/minutesCalculation.js:197:13)

    console.log
      No starting lineup found for game 693078cf176f44856a928dbd

      at log (src/services/games/utils/minutesCalculation.js:33:15)

    console.log
      Calculating minutes for game 693078d1176f44856a928dc9: 11 starters, 1 substitutions, 0 red 
cards

      at log (src/services/games/utils/minutesCalculation.js:51:13)

    console.log
      Substitution at 45': Test Player Minutes 1 out (session ended)

      at log (src/services/games/utils/minutesCalculation.js:137:21)

    console.log
      Substitution at 45': Test Player Minutes 12 in (session started)

      at log (src/services/games/utils/minutesCalculation.js:152:17)

    console.log
      Γ£à Calculated minutes for 12 players

      at log (src/services/games/utils/minutesCalculation.js:197:13)

    console.log
      Calculating minutes for game 693078d4176f44856a928e00: 11 starters, 2 substitutions, 0 red 
cards

      at log (src/services/games/utils/minutesCalculation.js:51:13)

    console.log
      Substitution at 30': Test Player Minutes 1 out (session ended)

      at log (src/services/games/utils/minutesCalculation.js:137:21)

    console.log
      Substitution at 30': Test Player Minutes 12 in (session started)

      at log (src/services/games/utils/minutesCalculation.js:152:17)

    console.log
      Substitution at 60': Test Player Minutes 2 out (session ended)

      at log (src/services/games/utils/minutesCalculation.js:137:21)

    console.log
      Substitution at 60': Test Player Minutes 13 in (session started)

      at log (src/services/games/utils/minutesCalculation.js:152:17)

    console.log
      Γ£à Calculated minutes for 13 players

      at log (src/services/games/utils/minutesCalculation.js:197:13)

    console.log
      Calculating minutes for game 693078d8176f44856a928e39: 11 starters, 0 substitutions, 1 red 
cards

      at log (src/services/games/utils/minutesCalculation.js:51:13)

    console.log
      Red card at 60': Test Player Minutes 1 ejected (session ended)

      at log (src/services/games/utils/minutesCalculation.js:166:21)

    console.log
      Γ£à Calculated minutes for 11 players

      at log (src/services/games/utils/minutesCalculation.js:197:13)

    console.log
      Calculating minutes for game 693078db176f44856a928e6f: 11 starters, 0 substitutions, 1 red 
cards

      at log (src/services/games/utils/minutesCalculation.js:51:13)

    console.log
      Red card at 75': Test Player Minutes 1 ejected (session ended)

      at log (src/services/games/utils/minutesCalculation.js:166:21)

    console.log
      Γ£à Calculated minutes for 11 players

      at log (src/services/games/utils/minutesCalculation.js:197:13)

    console.log
      Calculating minutes for game 693078de176f44856a928ea5: 11 starters, 0 substitutions, 0 red 
cards

      at log (src/services/games/utils/minutesCalculation.js:51:13)

    console.log
      Γ£à Calculated minutes for 11 players

      at log (src/services/games/utils/minutesCalculation.js:197:13)

    console.log
      Calculating minutes for game 693078e2176f44856a928edb: 11 starters, 1 substitutions, 1 red 
cards

      at log (src/services/games/utils/minutesCalculation.js:51:13)

    console.log
      Substitution at 45': Test Player Minutes 1 out (session ended)

      at log (src/services/games/utils/minutesCalculation.js:137:21)

    console.log
      Substitution at 45': Test Player Minutes 12 in (session started)

      at log (src/services/games/utils/minutesCalculation.js:152:17)

    console.warn
      Warning: Player Test Player Minutes 1 not on field at minute 60 (red card - ignoring)

    [0m [90m 166 |[39m             console[33m.[39mlog([32m`Red card at ${event.minute}': 
${event.playerName} ejected (session ended)`[39m)[33m;[39m
     [90m 167 |[39m           } [36melse[39m {
    [31m[1m>[22m[39m[90m 168 |[39m             console[33m.[39mwarn([32m`Warning: Player 
${event.playerName} not on field at minute ${event.minute} (red card - ignoring)`[39m)[33m;[39m
     [90m     |[39m                     [31m[1m^[22m[39m
     [90m 169 |[39m           }
     [90m 170 |[39m         } [36melse[39m {
     [90m 171 |[39m           console[33m.[39mwarn([32m`Warning: Player ${event.playerName} 
not in starting lineup but received red card at minute ${event.minute}`[39m)[33m;[39m[0m

      at warn (src/services/games/utils/minutesCalculation.js:168:21)
      at Object.<anonymous> (src/services/__tests__/minutesCalculation.test.js:328:23)

    console.log
      Γ£à Calculated minutes for 12 players

      at log (src/services/games/utils/minutesCalculation.js:197:13)

    console.log
      Calculating minutes for game 693078e5176f44856a928f15: 11 starters, 1 substitutions, 1 red 
cards

      at log (src/services/games/utils/minutesCalculation.js:51:13)

    console.log
      Red card at 30': Test Player Minutes 1 ejected (session ended)

      at log (src/services/games/utils/minutesCalculation.js:166:21)

    console.warn
      Warning: Player Test Player Minutes 1 not on field at minute 45 (substitution)

    [0m [90m 137 |[39m             console[33m.[39mlog([32m`Substitution at 
${event.minute}': ${event.playerOutName} out (session ended)`[39m)[33m;[39m
     [90m 138 |[39m           } [36melse[39m {
    [31m[1m>[22m[39m[90m 139 |[39m             console[33m.[39mwarn([32m`Warning: Player 
${event.playerOutName} not on field at minute ${event.minute} (substitution)`[39m)[33m;[39m
     [90m     |[39m                     [31m[1m^[22m[39m
     [90m 140 |[39m           }
     [90m 141 |[39m         } [36melse[39m {
     [90m 142 |[39m           console[33m.[39mwarn([32m`Warning: Player 
${event.playerOutName} not in starting lineup but being subbed out at minute 
${event.minute}`[39m)[33m;[39m[0m

      at warn (src/services/games/utils/minutesCalculation.js:139:21)
      at Object.<anonymous> (src/services/__tests__/minutesCalculation.test.js:364:23)

    console.log
      Substitution at 45': Test Player Minutes 12 in (session started)

      at log (src/services/games/utils/minutesCalculation.js:152:17)

    console.log
      Γ£à Calculated minutes for 12 players

      at log (src/services/games/utils/minutesCalculation.js:197:13)

    console.log
      Calculating minutes for game 693078e9176f44856a928f4f: 11 starters, 0 substitutions, 2 red 
cards

      at log (src/services/games/utils/minutesCalculation.js:51:13)

    console.log
      Red card at 20': Test Player Minutes 1 ejected (session ended)

      at log (src/services/games/utils/minutesCalculation.js:166:21)

    console.log
      Red card at 50': Test Player Minutes 2 ejected (session ended)

      at log (src/services/games/utils/minutesCalculation.js:166:21)

    console.log
      Γ£à Calculated minutes for 11 players

      at log (src/services/games/utils/minutesCalculation.js:197:13)

    console.log
      Calculating minutes for game 693078ec176f44856a928f87: 11 starters, 0 substitutions, 0 red 
cards

      at log (src/services/games/utils/minutesCalculation.js:51:13)

    console.log
      Γ£à Calculated minutes for 11 players

      at log (src/services/games/utils/minutesCalculation.js:197:13)

    console.log
      Calculating minutes for game 693078ef176f44856a928fbb: 11 starters, 1 substitutions, 0 red 
cards

      at log (src/services/games/utils/minutesCalculation.js:51:13)

    console.log
      Substitution at 92': Test Player Minutes 1 out (session ended)

      at log (src/services/games/utils/minutesCalculation.js:137:21)

    console.log
      Substitution at 92': Test Player Minutes 12 in (session started)

      at log (src/services/games/utils/minutesCalculation.js:152:17)

    console.log
      Γ£à Calculated minutes for 12 players

      at log (src/services/games/utils/minutesCalculation.js:197:13)

    console.log
      Calculating minutes for game 693078f3176f44856a928ff3: 11 starters, 1 substitutions, 1 red 
cards

      at log (src/services/games/utils/minutesCalculation.js:51:13)

    console.log
      Substitution at 45': Test Player Minutes 2 out (session ended)

      at log (src/services/games/utils/minutesCalculation.js:137:21)

    console.log
      Substitution at 45': Test Player Minutes 12 in (session started)

      at log (src/services/games/utils/minutesCalculation.js:152:17)

    console.log
      Red card at 45': Test Player Minutes 1 ejected (session ended)

      at log (src/services/games/utils/minutesCalculation.js:166:21)

    console.log
      Γ£à Calculated minutes for 12 players

      at log (src/services/games/utils/minutesCalculation.js:197:13)

    console.log
      Calculating minutes for game 693078f7176f44856a92902d: 11 starters, 0 substitutions, 0 red 
cards

      at log (src/services/games/utils/minutesCalculation.js:51:13)

    console.log
      Γ£à Calculated minutes for 13 players

      at log (src/services/games/utils/minutesCalculation.js:197:13)

    console.log
      Calculating minutes for game 693078fa176f44856a929066: 11 starters, 1 substitutions, 1 red 
cards

      at log (src/services/games/utils/minutesCalculation.js:51:13)

    console.log
      Red card at 30': Test Player Minutes 1 ejected (session ended)

      at log (src/services/games/utils/minutesCalculation.js:166:21)

    console.log
      Substitution at 45': Test Player Minutes 2 out (session ended)

      at log (src/services/games/utils/minutesCalculation.js:137:21)

    console.log
      Substitution at 45': Test Player Minutes 12 in (session started)

      at log (src/services/games/utils/minutesCalculation.js:152:17)

    console.log
      Γ£à Calculated minutes for 12 players

      at log (src/services/games/utils/minutesCalculation.js:197:13)


Test Suites: 1 failed, 5 passed, 6 total
Tests:       60 passed, 60 total
Snapshots:   0 total
Time:        60.386 s, estimated 61 s
Ran all test suites.
